[     191ms] [WARNING] Image with src "/ace-agency-logo.webp" has either width or height modified, but not the other. If you use CSS to change the size of your image, also include the styles 'width: "auto"' or 'height: "auto"' to maintain the aspect ratio. @ http://localhost:3000/_next/static/chunks/node_modules_next_dist_f3530cac._.js:2297
[     915ms] [WARNING] Image with src "/ace-agency-logo.webp" has either width or height modified, but not the other. If you use CSS to change the size of your image, also include the styles 'width: "auto"' or 'height: "auto"' to maintain the aspect ratio. @ http://localhost:3000/_next/static/chunks/node_modules_next_dist_f3530cac._.js:2297
[    2239ms] [WARNING] Image with src "/ace-agency-logo.webp" has either width or height modified, but not the other. If you use CSS to change the size of your image, also include the styles 'width: "auto"' or 'height: "auto"' to maintain the aspect ratio. @ http://localhost:3000/_next/static/chunks/node_modules_next_dist_f3530cac._.js:2297
[    3517ms] [WARNING] Image with src "/ace-agency-logo.webp" has either width or height modified, but not the other. If you use CSS to change the size of your image, also include the styles 'width: "auto"' or 'height: "auto"' to maintain the aspect ratio. @ http://localhost:3000/_next/static/chunks/node_modules_next_dist_f3530cac._.js:2297
[    4815ms] [WARNING] Image with src "/ace-agency-logo.webp" has either width or height modified, but not the other. If you use CSS to change the size of your image, also include the styles 'width: "auto"' or 'height: "auto"' to maintain the aspect ratio. @ http://localhost:3000/_next/static/chunks/node_modules_next_dist_f3530cac._.js:2297
[    5957ms] [ERROR] A tree hydrated but some attributes of the server rendered HTML didn't match the client properties. This won't be patched up. This can happen if a SSR-ed Client Component used:

- A server/client branch `if (typeof window !== 'undefined')`.
- Variable input such as `Date.now()` or `Math.random()` which changes each time it's called.
- Date formatting in a user's locale which doesn't match the server.
- External changing data without sending a snapshot of it along with the HTML.
- Invalid HTML tag nesting.

It can also happen if the client has a browser extension installed which messes with the HTML before React loaded.

%s%s https://react.dev/link/hydration-mismatch 

  ...
    <LocaleLayout>
      <html lang="ro" className="lenis leni...">
        <head>
        ...
          <IntlProvider locale="ro" messages={{header:{...}, ...}} timeZone="Europe/Buc...">
            <Header>
            <SmoothScroll>
              ...
                <div className="mx-auto w-...">
                  <div data-theme="dark" className="rounded-3x...">
                    <div className="rounded-[3...">
                      <div className="flex flex-...">
                        <div>
                        <div className="flex-1">
                          <ScrollReveal>
                            <div ref={{current:null}} className={undefined}>
                              <p>
                              <form onSubmit={function onSubmit} className="flex flex-...">
                                <div className="flex items...">
                                  <input
                                    type="email"
                                    placeholder="Adresa ta de email"
                                    required={true}
                                    className="h-12 flex-1 border-b-2 border-[#262523]/30 bg-transparent px-1 text-[#2..."
                                    aria-label="Adresa ta de email"
-                                   style={{caret-color:"transparent"}}
                                  >
                                  ...
                                <label className="flex items...">
                                  <input
                                    type="checkbox"
                                    required={true}
                                    className="mt-0.5 h-4 w-4 rounded border-[#262523]/30 bg-transparent accent-[#650CBE]"
-                                   style={{caret-color:"transparent"}}
                                  >
                                  ...
              <Footer>
                <footer className="bg-[#26252...">
                  <Container>
                    <div className="mx-auto w-...">
                      <ScrollReveal>
                      <ScrollReveal className="mb-12 lg:m...">
                        <div ref={{current:null}} className="mb-12 lg:m...">
                          <div className="grid gap-8...">
                            <div>
                            <div>
                            <div className="flex flex-...">
                              <h3>
                              <form action={function action} className="flex flex-...">
                                <input
                                  type="text"
                                  name="honeypot"
                                  autoComplete="off"
                                  tabIndex={-1}
                                  className="absolute left-[-9999px] h-0 w-0 opacity-0"
                                  aria-hidden="true"
-                                 style={{caret-color:"transparent"}}
                                >
                                <div className="flex">
                                  <input
                                    type="email"
                                    name="email"
                                    placeholder="Adresa ta de email"
                                    required={true}
                                    disabled={false}
                                    className="h-12 flex-1 rounded-l-md border border-[#4a464380] bg-[#3a3836] px-4 te..."
                                    aria-label="Adresa ta de email"
-                                   style={{caret-color:"transparent"}}
                                  >
                                  ...
                                <label className="flex items...">
                                  <input
                                    type="checkbox"
                                    required={true}
                                    className="mt-0.5 h-4 w-4 rounded border-[#4a464380] bg-transparent accent-[#650CBE]"
-                                   style={{caret-color:"transparent"}}
                                  >
                                  ...
                            ...
                      ...
            ...
 @ http://localhost:3000/_next/static/chunks/node_modules_next_dist_f3530cac._.js:3127
[    6228ms] [WARNING] Image with src "/ace-agency-logo.webp" has either width or height modified, but not the other. If you use CSS to change the size of your image, also include the styles 'width: "auto"' or 'height: "auto"' to maintain the aspect ratio. @ http://localhost:3000/_next/static/chunks/node_modules_next_dist_f3530cac._.js:2297
[    6478ms] [WARNING] Image with src "/ace-agency-logo.webp" has either width or height modified, but not the other. If you use CSS to change the size of your image, also include the styles 'width: "auto"' or 'height: "auto"' to maintain the aspect ratio. @ http://localhost:3000/_next/static/chunks/node_modules_next_dist_f3530cac._.js:2297
[    7569ms] [WARNING] Image with src "/images/services/facebook-ads-features.webp" was detected as the Largest Contentful Paint (LCP). Please add the `loading="eager"` property if this image is above the fold.
Read more: https://nextjs.org/docs/app/api-reference/components/image#loading @ http://localhost:3000/_next/static/chunks/node_modules_next_dist_f3530cac._.js:2297
[    7843ms] [WARNING] Image with src "/ace-agency-logo.webp" has either width or height modified, but not the other. If you use CSS to change the size of your image, also include the styles 'width: "auto"' or 'height: "auto"' to maintain the aspect ratio. @ http://localhost:3000/_next/static/chunks/node_modules_next_dist_f3530cac._.js:2297
[    8921ms] [WARNING] Image with src "/images/services/tiktok-ads-features.webp" was detected as the Largest Contentful Paint (LCP). Please add the `loading="eager"` property if this image is above the fold.
Read more: https://nextjs.org/docs/app/api-reference/components/image#loading @ http://localhost:3000/_next/static/chunks/node_modules_next_dist_f3530cac._.js:2297
[    9223ms] [WARNING] Image with src "/ace-agency-logo.webp" has either width or height modified, but not the other. If you use CSS to change the size of your image, also include the styles 'width: "auto"' or 'height: "auto"' to maintain the aspect ratio. @ http://localhost:3000/_next/static/chunks/node_modules_next_dist_f3530cac._.js:2297
[   10287ms] [WARNING] Image with src "/images/services/seo-features.webp" was detected as the Largest Contentful Paint (LCP). Please add the `loading="eager"` property if this image is above the fold.
Read more: https://nextjs.org/docs/app/api-reference/components/image#loading @ http://localhost:3000/_next/static/chunks/node_modules_next_dist_f3530cac._.js:2297
[   10598ms] [WARNING] Image with src "/ace-agency-logo.webp" has either width or height modified, but not the other. If you use CSS to change the size of your image, also include the styles 'width: "auto"' or 'height: "auto"' to maintain the aspect ratio. @ http://localhost:3000/_next/static/chunks/node_modules_next_dist_f3530cac._.js:2297
[   11687ms] [WARNING] Image with src "/images/services/email-features.webp" was detected as the Largest Contentful Paint (LCP). Please add the `loading="eager"` property if this image is above the fold.
Read more: https://nextjs.org/docs/app/api-reference/components/image#loading @ http://localhost:3000/_next/static/chunks/node_modules_next_dist_f3530cac._.js:2297
